Running on host: n-62-20-4
CUDA_VISIBLE_DEVICES: 0
Sat Oct 25 18:22:11 2025       
+-----------------------------------------------------------------------------------------+
| NVIDIA-SMI 580.95.05              Driver Version: 580.95.05      CUDA Version: 13.0     |
+-----------------------------------------+------------------------+----------------------+
| GPU  Name                 Persistence-M | Bus-Id          Disp.A | Volatile Uncorr. ECC |
| Fan  Temp   Perf          Pwr:Usage/Cap |           Memory-Usage | GPU-Util  Compute M. |
|                                         |                        |               MIG M. |
|=========================================+========================+======================|
|   0  Tesla V100-PCIE-16GB           On  |   00000000:AF:00.0 Off |                    0 |
| N/A   30C    P0             24W /  250W |       0MiB /  16384MiB |      0%   E. Process |
|                                         |                        |                  N/A |
+-----------------------------------------+------------------------+----------------------+

+-----------------------------------------------------------------------------------------+
| Processes:                                                                              |
|  GPU   GI   CI              PID   Type   Process name                        GPU Memory |
|        ID   ID                                                               Usage      |
|=========================================================================================|
|  No running processes found                                                             |
+-----------------------------------------------------------------------------------------+
✅ The code will run on NVIDIA GPU (CUDA).
Train samples: 4500
Val samples: 1080
Test samples: 1080
Epoch 1/10 Train Loss: 1.8362 | Train Acc: 68.3% Test Loss: 4.2232 | Test Acc: 35.2%
Epoch 2/10 Train Loss: 0.7326 | Train Acc: 94.9% Test Loss: 5.3519 | Test Acc: 26.2%
Epoch 3/10 Train Loss: 0.5330 | Train Acc: 97.7% Test Loss: 4.9420 | Test Acc: 35.3%
Epoch 4/10 Train Loss: 0.4676 | Train Acc: 98.4% Test Loss: 5.5097 | Test Acc: 36.2%
Epoch 5/10 Train Loss: 0.4245 | Train Acc: 98.6% Test Loss: 4.5844 | Test Acc: 40.8%
Epoch 6/10 Train Loss: 0.3845 | Train Acc: 99.1% Test Loss: 4.1923 | Test Acc: 46.8%
Epoch 7/10 Train Loss: 0.3520 | Train Acc: 98.8% Test Loss: 4.7638 | Test Acc: 43.8%
Epoch 8/10 Train Loss: 0.2726 | Train Acc: 99.8% Test Loss: 4.2129 | Test Acc: 48.9%
Epoch 9/10 Train Loss: 0.2807 | Train Acc: 99.4% Test Loss: 5.0657 | Test Acc: 40.0%
Epoch 10/10 Train Loss: 0.2475 | Train Acc: 99.4% Test Loss: 5.7284 | Test Acc: 40.1%
✅ Model saved to model4_2_2.pth

------------------------------------------------------------
Sender: LSF System <lsfadmin@hpc.dtu.dk>
Subject: Job 26649996: <single_frame_CNN_training> in cluster <dcc> Done

Job <single_frame_CNN_training> was submitted from host <n-62-20-1> by user <s243128> in cluster <dcc> at Sat Oct 25 18:22:08 2025
Job was executed on host(s) <4*n-62-20-4>, in queue <gpuv100>, as user <s243128> in cluster <dcc> at Sat Oct 25 18:22:09 2025
</zhome/b4/e/214014> was used as the home directory.
</zhome/b4/e/214014/Documents/Python/Introduction_to_Deep_Learning_for_CV> was used as the working directory.
Started at Sat Oct 25 18:22:09 2025
Terminated at Sat Oct 25 18:30:38 2025
Results reported at Sat Oct 25 18:30:38 2025

Your job looked like:

------------------------------------------------------------
# LSBATCH: User input
#!/bin/bash
#BSUB -J single_frame_CNN_training            # Job name
#BSUB -q gpuv100                              # Queue to submit to (V100 GPUs)
#BSUB -W 0:20                                 # Wall time limit (20 minutes)
#BSUB -R "rusage[mem=5GB]"                    # Memory requirement (5GB)
#BSUB -n 4                                    # Number of CPU cores
#BSUB -R "span[hosts=1]"                      # All CPUs on a single host
#BSUB -gpu "num=1:mode=exclusive_process"     # Request 1 GPU in exclusive mode
#BSUB -o single_frame_CNN_training_%J.out     # Standard output file
#BSUB -e single_frame_CNN_training_%J.err     # Error output file

# --- Load CUDA environment (required for GPU access) ---
module load cuda/11.8

# --- Print environment info for debugging/logging ---
echo "Running on host: $(hostname)"
echo "CUDA_VISIBLE_DEVICES: $CUDA_VISIBLE_DEVICES"
nvidia-smi

# --- Move to working directory ---
cd ~/Documents/Python/Introduction_to_Deep_Learning_for_CV/Assignments_DL_for_CV/ || exit 1

# --- Activate virtual environment ---
source ~/Documents/Python/Introduction_to_Deep_Learning_for_CV/venv_DL_CV/bin/activate

# --- Run your Python training script ---
python /zhome/b4/e/214014/Documents/Python/Introduction_to_Deep_Learning_for_CV/Assignments_DL_for_CV/Assignment_2/task4.2.1.py

------------------------------------------------------------

Successfully completed.

Resource usage summary:

    CPU time :                                   446.99 sec.
    Max Memory :                                 983 MB
    Average Memory :                             800.00 MB
    Total Requested Memory :                     20480.00 MB
    Delta Memory :                               19497.00 MB
    Max Swap :                                   -
    Max Processes :                              4
    Max Threads :                                9
    Run time :                                   626 sec.
    Turnaround time :                            510 sec.

The output (if any) is above this job summary.



PS:

Read file <single_frame_CNN_training_26649996.err> for stderr output of this job.

